error: `allow(non_hegel_test)` without a stated reason
  --> $DIR/allow_empty_reason.rs:1:9
   |
LL | #[allow(non_hegel_test, reason = "")]
   |         ^^^^^^^^^^^^^^
   |
   = help: add `reason = "..."` explaining why a property test does not apply here
   = note: `#[deny(hegel_exemption_without_justification)]` on by default

error: `allow(non_hegel_test)` without a stated reason
  --> $DIR/allow_empty_reason.rs:7:9
   |
LL | #[allow(non_hegel_test, reason = "   ")]
   |         ^^^^^^^^^^^^^^
   |
   = help: add `reason = "..."` explaining why a property test does not apply here

error: crate has tests but no hegel property tests
  --> $DIR/allow_empty_reason.rs:1:1
   |
LL | #[allow(non_hegel_test, reason = "")]
   | ^
   |
   = help: add at least one `#[hegel::test]` property test to this crate
   = note: `#[deny(crate_without_hegel_tests)]` on by default

error: aborting due to 3 previous errors

