error: test does not use the hegel property-testing framework
  --> $DIR/deny_level.rs:11:5
   |
LL |     fn opts_back_in() {
   |     ^^^^^^^^^^^^^^^^^
   |
   = help: rewrite this as a property test using `#[hegel::test]`
note: the lint level is defined here
  --> $DIR/deny_level.rs:9:12
   |
LL |     #[deny(non_hegel_test)]
   |            ^^^^^^^^^^^^^^

error: crate has tests but no hegel property tests
  --> $DIR/deny_level.rs:1:1
   |
LL | mod legacy {
   | ^
   |
   = help: add at least one `#[hegel::test]` property test to this crate
   = note: `#[deny(crate_without_hegel_tests)]` on by default

error: aborting due to 2 previous errors

