warning: test does not use the hegel property-testing framework
  --> $DIR/warn_level.rs:3:1
   |
LL | fn downgraded_to_warning() {
   | ^^^^^^^^^^^^^^^^^^^^^^^^^^
   |
   = help: rewrite this as a property test using `#[hegel::test]`
note: the lint level is defined here
  --> $DIR/warn_level.rs:1:8
   |
LL | #[warn(non_hegel_test)]
   |        ^^^^^^^^^^^^^^

error: crate has tests but no hegel property tests
  --> $DIR/warn_level.rs:1:1
   |
LL | #[warn(non_hegel_test)]
   | ^
   |
   = help: add at least one `#[hegel::test]` property test to this crate
   = note: `#[deny(crate_without_hegel_tests)]` on by default

error: aborting due to 1 previous error; 1 warning emitted

